Command line invocation:
    /Applications/Xcode.app/Contents/Developer/usr/bin/xcodebuild -project SuperRClick.xcodeproj -scheme SuperRClick build

--- xcodebuild: WARNING: Using the first of multiple matching destinations:
{ platform:macOS, arch:arm64, id:00008142-000C68512EF1401C, name:My Mac }
{ platform:macOS, arch:x86_64, id:00008142-000C68512EF1401C, name:My Mac }
{ platform:macOS, name:Any Mac }
ComputePackagePrebuildTargetDependencyGraph

Prepare packages

CreateBuildRequest

SendProjectDescription

CreateBuildOperation

ComputeTargetDependencyGraph
note: Building targets in dependency order
note: Target dependency graph (3 targets)
    Target 'SuperRClick' in project 'SuperRClick'
        ➜ Explicit dependency on target 'SuperRClickCore' in project 'SuperRClick'
        ➜ Explicit dependency on target 'SuperRClickFinderSync' in project 'SuperRClick'
    Target 'SuperRClickFinderSync' in project 'SuperRClick'
        ➜ Explicit dependency on target 'SuperRClickCore' in project 'SuperRClick'
    Target 'SuperRClickCore' in project 'SuperRClick' (no dependencies)

GatherProvisioningInputs

CreateBuildDescription

ClangStatCache /Applications/Xcode.app/Contents/Developer/Toolchains/XcodeDefault.xctoolchain/usr/bin/clang-stat-cache /Applications/Xcode.app/Contents/Developer/Platforms/MacOSX.platform/Developer/SDKs/MacOSX26.2.sdk /Users/haoqiqin/Library/Developer/Xcode/DerivedData/SDKStatCaches.noindex/macosx26.2-25C57-00fa09913b459cbbc988d1f6730289ae.sdkstatcache
    cd /Users/haoqiqin/VibeCoding/Super\ RClick/SuperRClick.xcodeproj
    /Applications/Xcode.app/Contents/Developer/Toolchains/XcodeDefault.xctoolchain/usr/bin/clang-stat-cache /Applications/Xcode.app/Contents/Developer/Platforms/MacOSX.platform/Developer/SDKs/MacOSX26.2.sdk -o /Users/haoqiqin/Library/Developer/Xcode/DerivedData/SDKStatCaches.noindex/macosx26.2-25C57-00fa09913b459cbbc988d1f6730289ae.sdkstatcache

SwiftDriver SuperRClickFinderSync normal arm64 com.apple.xcode.tools.swift.compiler (in target 'SuperRClickFinderSync' from project 'SuperRClick')
    cd /Users/haoqiqin/VibeCoding/Super\ RClick
    builtin-SwiftDriver -- /Applications/Xcode.app/Contents/Developer/Toolchains/XcodeDefault.xctoolchain/usr/bin/swiftc -module-name SuperRClickFinderSync -Onone -enforce-exclusivity\=checked @/Users/haoqiqin/Library/Developer/Xcode/DerivedData/SuperRClick-brblhlrqrdumksbfepyigjpjbxah/Build/Intermediates.noindex/SuperRClick.build/Debug/SuperRClickFinderSync.build/Objects-normal/arm64/SuperRClickFinderSync.SwiftFileList -DDEBUG -enable-experimental-feature DebugDescriptionMacro -sdk /Applications/Xcode.app/Contents/Developer/Platforms/MacOSX.platform/Developer/SDKs/MacOSX26.2.sdk -target arm64-apple-macos26.0 -g -module-cache-path /Users/haoqiqin/Library/Developer/Xcode/DerivedData/ModuleCache.noindex -Xfrontend -serialize-debugging-options -application-extension -enable-testing -index-store-path /Users/haoqiqin/Library/Developer/Xcode/DerivedData/SuperRClick-brblhlrqrdumksbfepyigjpjbxah/Index.noindex/DataStore -Xcc -D_LIBCPP_HARDENING_MODE\=_LIBCPP_HARDENING_MODE_DEBUG -swift-version 6 -I /Users/haoqiqin/Library/Developer/Xcode/DerivedData/SuperRClick-brblhlrqrdumksbfepyigjpjbxah/Build/Products/Debug -F /Users/haoqiqin/Library/Developer/Xcode/DerivedData/SuperRClick-brblhlrqrdumksbfepyigjpjbxah/Build/Products/Debug -c -j10 -enable-batch-mode -incremental -Xcc -ivfsstatcache -Xcc /Users/haoqiqin/Library/Developer/Xcode/DerivedData/SDKStatCaches.noindex/macosx26.2-25C57-00fa09913b459cbbc988d1f6730289ae.sdkstatcache -output-file-map /Users/haoqiqin/Library/Developer/Xcode/DerivedData/SuperRClick-brblhlrqrdumksbfepyigjpjbxah/Build/Intermediates.noindex/SuperRClick.build/Debug/SuperRClickFinderSync.build/Objects-normal/arm64/SuperRClickFinderSync-OutputFileMap.json -use-frontend-parseable-output -save-temps -no-color-diagnostics -explicit-module-build -module-cache-path /Users/haoqiqin/Library/Developer/Xcode/DerivedData/SuperRClick-brblhlrqrdumksbfepyigjpjbxah/Build/Intermediates.noindex/SwiftExplicitPrecompiledModules -clang-scanner-module-cache-path /Users/haoqiqin/Library/Developer/Xcode/DerivedData/ModuleCache.noindex -sdk-module-cache-path /Users/haoqiqin/Library/Developer/Xcode/DerivedData/ModuleCache.noindex -serialize-diagnostics -emit-dependencies -emit-module -emit-module-path /Users/haoqiqin/Library/Developer/Xcode/DerivedData/SuperRClick-brblhlrqrdumksbfepyigjpjbxah/Build/Intermediates.noindex/SuperRClick.build/Debug/SuperRClickFinderSync.build/Objects-normal/arm64/SuperRClickFinderSync.swiftmodule -validate-clang-modules-once -clang-build-session-file /Users/haoqiqin/Library/Developer/Xcode/DerivedData/ModuleCache.noindex/Session.modulevalidation -Xcc -I/Users/haoqiqin/Library/Developer/Xcode/DerivedData/SuperRClick-brblhlrqrdumksbfepyigjpjbxah/Build/Intermediates.noindex/SuperRClick.build/Debug/SuperRClickFinderSync.build/swift-overrides.hmap -emit-const-values -Xfrontend -const-gather-protocols-file -Xfrontend /Users/haoqiqin/Library/Developer/Xcode/DerivedData/SuperRClick-brblhlrqrdumksbfepyigjpjbxah/Build/Intermediates.noindex/SuperRClick.build/Debug/SuperRClickFinderSync.build/Objects-normal/arm64/SuperRClickFinderSync_const_extract_protocols.json -Xcc -iquote -Xcc /Users/haoqiqin/Library/Developer/Xcode/DerivedData/SuperRClick-brblhlrqrdumksbfepyigjpjbxah/Build/Intermediates.noindex/SuperRClick.build/Debug/SuperRClickFinderSync.build/SuperRClickFinderSync-generated-files.hmap -Xcc -I/Users/haoqiqin/Library/Developer/Xcode/DerivedData/SuperRClick-brblhlrqrdumksbfepyigjpjbxah/Build/Intermediates.noindex/SuperRClick.build/Debug/SuperRClickFinderSync.build/SuperRClickFinderSync-own-target-headers.hmap -Xcc -I/Users/haoqiqin/Library/Developer/Xcode/DerivedData/SuperRClick-brblhlrqrdumksbfepyigjpjbxah/Build/Intermediates.noindex/SuperRClick.build/Debug/SuperRClickFinderSync.build/SuperRClickFinderSync-all-non-framework-target-headers.hmap -Xcc -ivfsoverlay -Xcc /Users/haoqiqin/Library/Developer/Xcode/DerivedData/SuperRClick-brblhlrqrdumksbfepyigjpjbxah/Build/Intermediates.noindex/SuperRClick.build/Debug/SuperRClick-f596fc6d9629c21433160a2f03474c4e-VFS/all-product-headers.yaml -Xcc -iquote -Xcc /Users/haoqiqin/Library/Developer/Xcode/DerivedData/SuperRClick-brblhlrqrdumksbfepyigjpjbxah/Build/Intermediates.noindex/SuperRClick.build/Debug/SuperRClickFinderSync.build/SuperRClickFinderSync-project-headers.hmap -Xcc -I/Users/haoqiqin/Library/Developer/Xcode/DerivedData/SuperRClick-brblhlrqrdumksbfepyigjpjbxah/Build/Products/Debug/include -Xcc -I/Users/haoqiqin/Library/Developer/Xcode/DerivedData/SuperRClick-brblhlrqrdumksbfepyigjpjbxah/Build/Intermediates.noindex/SuperRClick.build/Debug/SuperRClickFinderSync.build/DerivedSources-normal/arm64 -Xcc -I/Users/haoqiqin/Library/Developer/Xcode/DerivedData/SuperRClick-brblhlrqrdumksbfepyigjpjbxah/Build/Intermediates.noindex/SuperRClick.build/Debug/SuperRClickFinderSync.build/DerivedSources/arm64 -Xcc -I/Users/haoqiqin/Library/Developer/Xcode/DerivedData/SuperRClick-brblhlrqrdumksbfepyigjpjbxah/Build/Intermediates.noindex/SuperRClick.build/Debug/SuperRClickFinderSync.build/DerivedSources -Xcc -DDEBUG\=1 -emit-objc-header -emit-objc-header-path /Users/haoqiqin/Library/Developer/Xcode/DerivedData/SuperRClick-brblhlrqrdumksbfepyigjpjbxah/Build/Intermediates.noindex/SuperRClick.build/Debug/SuperRClickFinderSync.build/Objects-normal/arm64/SuperRClickFinderSync-Swift.h -working-directory /Users/haoqiqin/VibeCoding/Super\ RClick -experimental-emit-module-separately -disable-cmo

SwiftDriver SuperRClick normal arm64 com.apple.xcode.tools.swift.compiler (in target 'SuperRClick' from project 'SuperRClick')
    cd /Users/haoqiqin/VibeCoding/Super\ RClick
    builtin-SwiftDriver -- /Applications/Xcode.app/Contents/Developer/Toolchains/XcodeDefault.xctoolchain/usr/bin/swiftc -module-name SuperRClick -Onone -enforce-exclusivity\=checked @/Users/haoqiqin/Library/Developer/Xcode/DerivedData/SuperRClick-brblhlrqrdumksbfepyigjpjbxah/Build/Intermediates.noindex/SuperRClick.build/Debug/SuperRClick.build/Objects-normal/arm64/SuperRClick.SwiftFileList -DDEBUG -enable-experimental-feature DebugDescriptionMacro -sdk /Applications/Xcode.app/Contents/Developer/Platforms/MacOSX.platform/Developer/SDKs/MacOSX26.2.sdk -target arm64-apple-macos26.0 -g -module-cache-path /Users/haoqiqin/Library/Developer/Xcode/DerivedData/ModuleCache.noindex -Xfrontend -serialize-debugging-options -enable-testing -index-store-path /Users/haoqiqin/Library/Developer/Xcode/DerivedData/SuperRClick-brblhlrqrdumksbfepyigjpjbxah/Index.noindex/DataStore -Xcc -D_LIBCPP_HARDENING_MODE\=_LIBCPP_HARDENING_MODE_DEBUG -swift-version 6 -I /Users/haoqiqin/Library/Developer/Xcode/DerivedData/SuperRClick-brblhlrqrdumksbfepyigjpjbxah/Build/Products/Debug -F /Users/haoqiqin/Library/Developer/Xcode/DerivedData/SuperRClick-brblhlrqrdumksbfepyigjpjbxah/Build/Products/Debug -emit-localized-strings -emit-localized-strings-path /Users/haoqiqin/Library/Developer/Xcode/DerivedData/SuperRClick-brblhlrqrdumksbfepyigjpjbxah/Build/Intermediates.noindex/SuperRClick.build/Debug/SuperRClick.build/Objects-normal/arm64 -c -j10 -enable-batch-mode -incremental -Xcc -ivfsstatcache -Xcc /Users/haoqiqin/Library/Developer/Xcode/DerivedData/SDKStatCaches.noindex/macosx26.2-25C57-00fa09913b459cbbc988d1f6730289ae.sdkstatcache -output-file-map /Users/haoqiqin/Library/Developer/Xcode/DerivedData/SuperRClick-brblhlrqrdumksbfepyigjpjbxah/Build/Intermediates.noindex/SuperRClick.build/Debug/SuperRClick.build/Objects-normal/arm64/SuperRClick-OutputFileMap.json -use-frontend-parseable-output -save-temps -no-color-diagnostics -explicit-module-build -module-cache-path /Users/haoqiqin/Library/Developer/Xcode/DerivedData/SuperRClick-brblhlrqrdumksbfepyigjpjbxah/Build/Intermediates.noindex/SwiftExplicitPrecompiledModules -clang-scanner-module-cache-path /Users/haoqiqin/Library/Developer/Xcode/DerivedData/ModuleCache.noindex -sdk-module-cache-path /Users/haoqiqin/Library/Developer/Xcode/DerivedData/ModuleCache.noindex -serialize-diagnostics -emit-dependencies -emit-module -emit-module-path /Users/haoqiqin/Library/Developer/Xcode/DerivedData/SuperRClick-brblhlrqrdumksbfepyigjpjbxah/Build/Intermediates.noindex/SuperRClick.build/Debug/SuperRClick.build/Objects-normal/arm64/SuperRClick.swiftmodule -validate-clang-modules-once -clang-build-session-file /Users/haoqiqin/Library/Developer/Xcode/DerivedData/ModuleCache.noindex/Session.modulevalidation -Xcc -I/Users/haoqiqin/Library/Developer/Xcode/DerivedData/SuperRClick-brblhlrqrdumksbfepyigjpjbxah/Build/Intermediates.noindex/SuperRClick.build/Debug/SuperRClick.build/swift-overrides.hmap -emit-const-values -Xfrontend -const-gather-protocols-file -Xfrontend /Users/haoqiqin/Library/Developer/Xcode/DerivedData/SuperRClick-brblhlrqrdumksbfepyigjpjbxah/Build/Intermediates.noindex/SuperRClick.build/Debug/SuperRClick.build/Objects-normal/arm64/SuperRClick_const_extract_protocols.json -Xcc -iquote -Xcc /Users/haoqiqin/Library/Developer/Xcode/DerivedData/SuperRClick-brblhlrqrdumksbfepyigjpjbxah/Build/Intermediates.noindex/SuperRClick.build/Debug/SuperRClick.build/SuperRClick-generated-files.hmap -Xcc -I/Users/haoqiqin/Library/Developer/Xcode/DerivedData/SuperRClick-brblhlrqrdumksbfepyigjpjbxah/Build/Intermediates.noindex/SuperRClick.build/Debug/SuperRClick.build/SuperRClick-own-target-headers.hmap -Xcc -I/Users/haoqiqin/Library/Developer/Xcode/DerivedData/SuperRClick-brblhlrqrdumksbfepyigjpjbxah/Build/Intermediates.noindex/SuperRClick.build/Debug/SuperRClick.build/SuperRClick-all-non-framework-target-headers.hmap -Xcc -ivfsoverlay -Xcc /Users/haoqiqin/Library/Developer/Xcode/DerivedData/SuperRClick-brblhlrqrdumksbfepyigjpjbxah/Build/Intermediates.noindex/SuperRClick.build/Debug/SuperRClick-f596fc6d9629c21433160a2f03474c4e-VFS/all-product-headers.yaml -Xcc -iquote -Xcc /Users/haoqiqin/Library/Developer/Xcode/DerivedData/SuperRClick-brblhlrqrdumksbfepyigjpjbxah/Build/Intermediates.noindex/SuperRClick.build/Debug/SuperRClick.build/SuperRClick-project-headers.hmap -Xcc -I/Users/haoqiqin/Library/Developer/Xcode/DerivedData/SuperRClick-brblhlrqrdumksbfepyigjpjbxah/Build/Products/Debug/include -Xcc -I/Users/haoqiqin/Library/Developer/Xcode/DerivedData/SuperRClick-brblhlrqrdumksbfepyigjpjbxah/Build/Intermediates.noindex/SuperRClick.build/Debug/SuperRClick.build/DerivedSources-normal/arm64 -Xcc -I/Users/haoqiqin/Library/Developer/Xcode/DerivedData/SuperRClick-brblhlrqrdumksbfepyigjpjbxah/Build/Intermediates.noindex/SuperRClick.build/Debug/SuperRClick.build/DerivedSources/arm64 -Xcc -I/Users/haoqiqin/Library/Developer/Xcode/DerivedData/SuperRClick-brblhlrqrdumksbfepyigjpjbxah/Build/Intermediates.noindex/SuperRClick.build/Debug/SuperRClick.build/DerivedSources -Xcc -DDEBUG\=1 -emit-objc-header -emit-objc-header-path /Users/haoqiqin/Library/Developer/Xcode/DerivedData/SuperRClick-brblhlrqrdumksbfepyigjpjbxah/Build/Intermediates.noindex/SuperRClick.build/Debug/SuperRClick.build/Objects-normal/arm64/SuperRClick-Swift.h -working-directory /Users/haoqiqin/VibeCoding/Super\ RClick -experimental-emit-module-separately -disable-cmo

CompileAssetCatalogVariant thinned /Users/haoqiqin/Library/Developer/Xcode/DerivedData/SuperRClick-brblhlrqrdumksbfepyigjpjbxah/Build/Products/Debug/SuperRClick.app/Contents/Resources /Users/haoqiqin/VibeCoding/Super\ RClick/App/Assets.xcassets (in target 'SuperRClick' from project 'SuperRClick')
    cd /Users/haoqiqin/VibeCoding/Super\ RClick
    /Applications/Xcode.app/Contents/Developer/usr/bin/actool /Users/haoqiqin/VibeCoding/Super\ RClick/App/Assets.xcassets --compile /Users/haoqiqin/Library/Developer/Xcode/DerivedData/SuperRClick-brblhlrqrdumksbfepyigjpjbxah/Build/Intermediates.noindex/SuperRClick.build/Debug/SuperRClick.build/assetcatalog_output/thinned --output-format human-readable-text --notices --warnings --export-dependency-info /Users/haoqiqin/Library/Developer/Xcode/DerivedData/SuperRClick-brblhlrqrdumksbfepyigjpjbxah/Build/Intermediates.noindex/SuperRClick.build/Debug/SuperRClick.build/assetcatalog_dependencies_thinned --output-partial-info-plist /Users/haoqiqin/Library/Developer/Xcode/DerivedData/SuperRClick-brblhlrqrdumksbfepyigjpjbxah/Build/Intermediates.noindex/SuperRClick.build/Debug/SuperRClick.build/assetcatalog_generated_info.plist_thinned --app-icon AppIcon --enable-on-demand-resources NO --development-region en --target-device mac --minimum-deployment-target 26.0 --platform macosx
/* com.apple.actool.compilation-results */
/Users/haoqiqin/Library/Developer/Xcode/DerivedData/SuperRClick-brblhlrqrdumksbfepyigjpjbxah/Build/Intermediates.noindex/SuperRClick.build/Debug/SuperRClick.build/assetcatalog_generated_info.plist_thinned
/Users/haoqiqin/Library/Developer/Xcode/DerivedData/SuperRClick-brblhlrqrdumksbfepyigjpjbxah/Build/Intermediates.noindex/SuperRClick.build/Debug/SuperRClick.build/assetcatalog_output/thinned/AppIcon.icns
/Users/haoqiqin/Library/Developer/Xcode/DerivedData/SuperRClick-brblhlrqrdumksbfepyigjpjbxah/Build/Intermediates.noindex/SuperRClick.build/Debug/SuperRClick.build/assetcatalog_output/thinned/Assets.car


LinkAssetCatalog /Users/haoqiqin/VibeCoding/Super\ RClick/App/Assets.xcassets (in target 'SuperRClick' from project 'SuperRClick')
    cd /Users/haoqiqin/VibeCoding/Super\ RClick
    builtin-linkAssetCatalog --thinned /Users/haoqiqin/Library/Developer/Xcode/DerivedData/SuperRClick-brblhlrqrdumksbfepyigjpjbxah/Build/Intermediates.noindex/SuperRClick.build/Debug/SuperRClick.build/assetcatalog_output/thinned --thinned-dependencies /Users/haoqiqin/Library/Developer/Xcode/DerivedData/SuperRClick-brblhlrqrdumksbfepyigjpjbxah/Build/Intermediates.noindex/SuperRClick.build/Debug/SuperRClick.build/assetcatalog_dependencies_thinned --thinned-info-plist-content /Users/haoqiqin/Library/Developer/Xcode/DerivedData/SuperRClick-brblhlrqrdumksbfepyigjpjbxah/Build/Intermediates.noindex/SuperRClick.build/Debug/SuperRClick.build/assetcatalog_generated_info.plist_thinned --unthinned /Users/haoqiqin/Library/Developer/Xcode/DerivedData/SuperRClick-brblhlrqrdumksbfepyigjpjbxah/Build/Intermediates.noindex/SuperRClick.build/Debug/SuperRClick.build/assetcatalog_output/unthinned --unthinned-dependencies /Users/haoqiqin/Library/Developer/Xcode/DerivedData/SuperRClick-brblhlrqrdumksbfepyigjpjbxah/Build/Intermediates.noindex/SuperRClick.build/Debug/SuperRClick.build/assetcatalog_dependencies_unthinned --unthinned-info-plist-content /Users/haoqiqin/Library/Developer/Xcode/DerivedData/SuperRClick-brblhlrqrdumksbfepyigjpjbxah/Build/Intermediates.noindex/SuperRClick.build/Debug/SuperRClick.build/assetcatalog_generated_info.plist_unthinned --output /Users/haoqiqin/Library/Developer/Xcode/DerivedData/SuperRClick-brblhlrqrdumksbfepyigjpjbxah/Build/Products/Debug/SuperRClick.app/Contents/Resources --plist-output /Users/haoqiqin/Library/Developer/Xcode/DerivedData/SuperRClick-brblhlrqrdumksbfepyigjpjbxah/Build/Intermediates.noindex/SuperRClick.build/Debug/SuperRClick.build/assetcatalog_generated_info.plist
note: Emplaced /Users/haoqiqin/Library/Developer/Xcode/DerivedData/SuperRClick-brblhlrqrdumksbfepyigjpjbxah/Build/Products/Debug/SuperRClick.app/Contents/Resources/Assets.car (in target 'SuperRClick' from project 'SuperRClick')
note: Emplaced /Users/haoqiqin/Library/Developer/Xcode/DerivedData/SuperRClick-brblhlrqrdumksbfepyigjpjbxah/Build/Products/Debug/SuperRClick.app/Contents/Resources/AppIcon.icns (in target 'SuperRClick' from project 'SuperRClick')

SwiftEmitModule normal arm64 Emitting\ module\ for\ SuperRClickFinderSync (in target 'SuperRClickFinderSync' from project 'SuperRClick')

EmitSwiftModule normal arm64 (in target 'SuperRClickFinderSync' from project 'SuperRClick')
    cd /Users/haoqiqin/VibeCoding/Super\ RClick
    

SwiftCompile normal arm64 Compiling\ SuperRClickFinderSync.swift /Users/haoqiqin/VibeCoding/Super\ RClick/Extensions/FinderSync/SuperRClickFinderSync.swift (in target 'SuperRClickFinderSync' from project 'SuperRClick')
SwiftCompile normal arm64 /Users/haoqiqin/VibeCoding/Super\ RClick/Extensions/FinderSync/SuperRClickFinderSync.swift (in target 'SuperRClickFinderSync' from project 'SuperRClick')
    cd /Users/haoqiqin/VibeCoding/Super\ RClick
    
/Users/haoqiqin/VibeCoding/Super RClick/Extensions/FinderSync/SuperRClickFinderSync.swift:190:30: error: type 'AIActionCatalog' has no member 'summarize'
             AIActionCatalog.summarize.rawValue,
             ~~~~~~~~~~~~~~~ ^~~~~~~~~
/Users/haoqiqin/VibeCoding/Super RClick/Extensions/FinderSync/SuperRClickFinderSync.swift:191:30: error: type 'AIActionCatalog' has no member 'translate'
             AIActionCatalog.translate.rawValue,
             ~~~~~~~~~~~~~~~ ^~~~~~~~~

Failed frontend command:
/Applications/Xcode.app/Contents/Developer/Toolchains/XcodeDefault.xctoolchain/usr/bin/swift-frontend -frontend -c /Users/haoqiqin/VibeCoding/Super\ RClick/Extensions/FinderSync/SuperRClickFinderContext.swift /Users/haoqiqin/VibeCoding/Super\ RClick/Extensions/FinderSync/SuperRClickFinderMenuComposer.swift -primary-file /Users/haoqiqin/VibeCoding/Super\ RClick/Extensions/FinderSync/SuperRClickFinderSync.swift /Users/haoqiqin/Library/Developer/Xcode/DerivedData/SuperRClick-brblhlrqrdumksbfepyigjpjbxah/Build/Intermediates.noindex/SuperRClick.build/Debug/SuperRClickFinderSync.build/DerivedSources/GeneratedAssetSymbols.swift -emit-dependencies-path /Users/haoqiqin/Library/Developer/Xcode/DerivedData/SuperRClick-brblhlrqrdumksbfepyigjpjbxah/Build/Intermediates.noindex/SuperRClick.build/Debug/SuperRClickFinderSync.build/Objects-normal/arm64/SuperRClickFinderSync.d -emit-const-values-path /Users/haoqiqin/Library/Developer/Xcode/DerivedData/SuperRClick-brblhlrqrdumksbfepyigjpjbxah/Build/Intermediates.noindex/SuperRClick.build/Debug/SuperRClickFinderSync.build/Objects-normal/arm64/SuperRClickFinderSync.swiftconstvalues -emit-reference-dependencies-path /Users/haoqiqin/Library/Developer/Xcode/DerivedData/SuperRClick-brblhlrqrdumksbfepyigjpjbxah/Build/Intermediates.noindex/SuperRClick.build/Debug/SuperRClickFinderSync.build/Objects-normal/arm64/SuperRClickFinderSync.swiftdeps -serialize-diagnostics-path /Users/haoqiqin/Library/Developer/Xcode/DerivedData/SuperRClick-brblhlrqrdumksbfepyigjpjbxah/Build/Intermediates.noindex/SuperRClick.build/Debug/SuperRClickFinderSync.build/Objects-normal/arm64/SuperRClickFinderSync.dia -target arm64-apple-macos26.0 -module-can-import-version DeveloperToolsSupport 23.0.4 23.0.4 -load-resolved-plugin /Applications/Xcode.app/Contents/Developer/Platforms/MacOSX.platform/Developer/usr/lib/swift/host/plugins/libFoundationMacros.dylib\#/Applications/Xcode.app/Contents/Developer/Platforms/MacOSX.platform/Developer/usr/bin/swift-plugin-server\#FoundationMacros -load-resolved-plugin /Applications/Xcode.app/Contents/Developer/Platforms/MacOSX.platform/Developer/usr/lib/swift/host/plugins/libObservationMacros.dylib\#/Applications/Xcode.app/Contents/Developer/Platforms/MacOSX.platform/Developer/usr/bin/swift-plugin-server\#ObservationMacros -load-resolved-plugin /Applications/Xcode.app/Contents/Developer/Platforms/MacOSX.platform/Developer/usr/lib/swift/host/plugins/libPreviewsMacros.dylib\#/Applications/Xcode.app/Contents/Developer/Platforms/MacOSX.platform/Developer/usr/bin/swift-plugin-server\#PreviewsMacros -load-resolved-plugin /Applications/Xcode.app/Contents/Developer/Platforms/MacOSX.platform/Developer/usr/lib/swift/host/plugins/libSwiftMacros.dylib\#/Applications/Xcode.app/Contents/Developer/Platforms/MacOSX.platform/Developer/usr/bin/swift-plugin-server\#SwiftMacros -load-resolved-plugin /Applications/Xcode.app/Contents/Developer/Platforms/MacOSX.platform/Developer/usr/lib/swift/host/plugins/libSwiftUIMacros.dylib\#/Applications/Xcode.app/Contents/Developer/Platforms/MacOSX.platform/Developer/usr/bin/swift-plugin-server\#SwiftUIMacros -disable-implicit-swift-modules -Xcc -fno-implicit-modules -Xcc -fno-implicit-module-maps -explicit-swift-module-map-file /Users/haoqiqin/Library/Developer/Xcode/DerivedData/SuperRClick-brblhlrqrdumksbfepyigjpjbxah/Build/Intermediates.noindex/SuperRClick.build/Debug/SuperRClickFinderSync.build/Objects-normal/arm64/SuperRClickFinderSync-dependencies-1.json -Xllvm -aarch64-use-tbi -enable-objc-interop -stack-check -sdk /Applications/Xcode.app/Contents/Developer/Platforms/MacOSX.platform/Developer/SDKs/MacOSX26.2.sdk -I /Users/haoqiqin/Library/Developer/Xcode/DerivedData/SuperRClick-brblhlrqrdumksbfepyigjpjbxah/Build/Products/Debug -F /Users/haoqiqin/Library/Developer/Xcode/DerivedData/SuperRClick-brblhlrqrdumksbfepyigjpjbxah/Build/Products/Debug -no-color-diagnostics -Xcc -fno-color-diagnostics -application-extension -enable-testing -g -debug-info-format\=dwarf -dwarf-version\=5 -module-cache-path /Users/haoqiqin/Library/Developer/Xcode/DerivedData/SuperRClick-brblhlrqrdumksbfepyigjpjbxah/Build/Intermediates.noindex/SwiftExplicitPrecompiledModules -swift-version 6 -enforce-exclusivity\=checked -Onone -D DEBUG -serialize-debugging-options -const-gather-protocols-file /Users/haoqiqin/Library/Developer/Xcode/DerivedData/SuperRClick-brblhlrqrdumksbfepyigjpjbxah/Build/Intermediates.noindex/SuperRClick.build/Debug/SuperRClickFinderSync.build/Objects-normal/arm64/SuperRClickFinderSync_const_extract_protocols.json -enable-experimental-feature DebugDescriptionMacro -empty-abi-descriptor -validate-clang-modules-once -clang-build-session-file /Users/haoqiqin/Library/Developer/Xcode/DerivedData/ModuleCache.noindex/Session.modulevalidation -Xcc -working-directory -Xcc /Users/haoqiqin/VibeCoding/Super\ RClick -enable-anonymous-context-mangled-names -file-compilation-dir /Users/haoqiqin/VibeCoding/Super\ RClick -Xcc -D_LIBCPP_HARDENING_MODE\=_LIBCPP_HARDENING_MODE_DEBUG -Xcc -ivfsstatcache -Xcc /Users/haoqiqin/Library/Developer/Xcode/DerivedData/SDKStatCaches.noindex/macosx26.2-25C57-00fa09913b459cbbc988d1f6730289ae.sdkstatcache -Xcc -I/Users/haoqiqin/Library/Developer/Xcode/DerivedData/SuperRClick-brblhlrqrdumksbfepyigjpjbxah/Build/Intermediates.noindex/SuperRClick.build/Debug/SuperRClickFinderSync.build/swift-overrides.hmap -Xcc -iquote -Xcc /Users/haoqiqin/Library/Developer/Xcode/DerivedData/SuperRClick-brblhlrqrdumksbfepyigjpjbxah/Build/Intermediates.noindex/SuperRClick.build/Debug/SuperRClickFinderSync.build/SuperRClickFinderSync-generated-files.hmap -Xcc -I/Users/haoqiqin/Library/Developer/Xcode/DerivedData/SuperRClick-brblhlrqrdumksbfepyigjpjbxah/Build/Intermediates.noindex/SuperRClick.build/Debug/SuperRClickFinderSync.build/SuperRClickFinderSync-own-target-headers.hmap -Xcc -I/Users/haoqiqin/Library/Developer/Xcode/DerivedData/SuperRClick-brblhlrqrdumksbfepyigjpjbxah/Build/Intermediates.noindex/SuperRClick.build/Debug/SuperRClickFinderSync.build/SuperRClickFinderSync-all-non-framework-target-headers.hmap -Xcc -ivfsoverlay -Xcc /Users/haoqiqin/Library/Developer/Xcode/DerivedData/SuperRClick-brblhlrqrdumksbfepyigjpjbxah/Build/Intermediates.noindex/SuperRClick.build/Debug/SuperRClick-f596fc6d9629c21433160a2f03474c4e-VFS/all-product-headers.yaml -Xcc -iquote -Xcc /Users/haoqiqin/Library/Developer/Xcode/DerivedData/SuperRClick-brblhlrqrdumksbfepyigjpjbxah/Build/Intermediates.noindex/SuperRClick.build/Debug/SuperRClickFinderSync.build/SuperRClickFinderSync-project-headers.hmap -Xcc -I/Users/haoqiqin/Library/Developer/Xcode/DerivedData/SuperRClick-brblhlrqrdumksbfepyigjpjbxah/Build/Products/Debug/include -Xcc -I/Users/haoqiqin/Library/Developer/Xcode/DerivedData/SuperRClick-brblhlrqrdumksbfepyigjpjbxah/Build/Intermediates.noindex/SuperRClick.build/Debug/SuperRClickFinderSync.build/DerivedSources-normal/arm64 -Xcc -I/Users/haoqiqin/Library/Developer/Xcode/DerivedData/SuperRClick-brblhlrqrdumksbfepyigjpjbxah/Build/Intermediates.noindex/SuperRClick.build/Debug/SuperRClickFinderSync.build/DerivedSources/arm64 -Xcc -I/Users/haoqiqin/Library/Developer/Xcode/DerivedData/SuperRClick-brblhlrqrdumksbfepyigjpjbxah/Build/Intermediates.noindex/SuperRClick.build/Debug/SuperRClickFinderSync.build/DerivedSources -Xcc -DDEBUG\=1 -no-auto-bridging-header-chaining -module-name SuperRClickFinderSync -frontend-parseable-output -disable-clang-spi -target-sdk-version 26.2 -target-sdk-name macosx26.2 -clang-target arm64-apple-macos26.2 -in-process-plugin-server-path /Applications/Xcode.app/Contents/Developer/Toolchains/XcodeDefault.xctoolchain/usr/lib/swift/host/libSwiftInProcPluginServer.dylib -o /Users/haoqiqin/Library/Developer/Xcode/DerivedData/SuperRClick-brblhlrqrdumksbfepyigjpjbxah/Build/Intermediates.noindex/SuperRClick.build/Debug/SuperRClickFinderSync.build/Objects-normal/arm64/SuperRClickFinderSync.o -index-unit-output-path /SuperRClick.build/Debug/SuperRClickFinderSync.build/Objects-normal/arm64/SuperRClickFinderSync.o -index-store-path /Users/haoqiqin/Library/Developer/Xcode/DerivedData/SuperRClick-brblhlrqrdumksbfepyigjpjbxah/Index.noindex/DataStore -index-system-modules
SwiftEmitModule normal arm64 Emitting\ module\ for\ SuperRClick (in target 'SuperRClick' from project 'SuperRClick')
EmitSwiftModule normal arm64 (in target 'SuperRClick' from project 'SuperRClick')
    cd /Users/haoqiqin/VibeCoding/Super\ RClick
    

SwiftCompile normal arm64 Compiling\ WorkspaceProfileView.swift,\ WorkspaceSettingsView.swift,\ GeneratedAssetSymbols.swift /Users/haoqiqin/VibeCoding/Super\ RClick/App/Features/Settings/WorkspaceProfileView.swift /Users/haoqiqin/VibeCoding/Super\ RClick/App/Features/Settings/WorkspaceSettingsView.swift /Users/haoqiqin/Library/Developer/Xcode/DerivedData/SuperRClick-brblhlrqrdumksbfepyigjpjbxah/Build/Intermediates.noindex/SuperRClick.build/Debug/SuperRClick.build/DerivedSources/GeneratedAssetSymbols.swift (in target 'SuperRClick' from project 'SuperRClick')

SwiftCompile normal arm64 /Users/haoqiqin/VibeCoding/Super\ RClick/App/Features/Settings/WorkspaceProfileView.swift (in target 'SuperRClick' from project 'SuperRClick')
    cd /Users/haoqiqin/VibeCoding/Super\ RClick
    

SwiftCompile normal arm64 /Users/haoqiqin/VibeCoding/Super\ RClick/App/Features/Settings/WorkspaceSettingsView.swift (in target 'SuperRClick' from project 'SuperRClick')
    cd /Users/haoqiqin/VibeCoding/Super\ RClick
    

SwiftCompile normal arm64 /Users/haoqiqin/Library/Developer/Xcode/DerivedData/SuperRClick-brblhlrqrdumksbfepyigjpjbxah/Build/Intermediates.noindex/SuperRClick.build/Debug/SuperRClick.build/DerivedSources/GeneratedAssetSymbols.swift (in target 'SuperRClick' from project 'SuperRClick')
    cd /Users/haoqiqin/VibeCoding/Super\ RClick
    

SwiftCompile normal arm64 Compiling\ BatchRenamePanelView.swift,\ CreateActionView.swift,\ DesktopBridgeManager.swift,\ DesktopBridgeMenuBuilder.swift /Users/haoqiqin/VibeCoding/Super\ RClick/App/Features/BatchRename/BatchRenamePanelView.swift /Users/haoqiqin/VibeCoding/Super\ RClick/App/Features/Actions/CreateActionView.swift /Users/haoqiqin/VibeCoding/Super\ RClick/App/Features/DesktopBridge/DesktopBridgeManager.swift /Users/haoqiqin/VibeCoding/Super\ RClick/App/Features/DesktopBridge/DesktopBridgeMenuBuilder.swift (in target 'SuperRClick' from project 'SuperRClick')

SwiftCompile normal arm64 /Users/haoqiqin/VibeCoding/Super\ RClick/App/Features/BatchRename/BatchRenamePanelView.swift (in target 'SuperRClick' from project 'SuperRClick')
    cd /Users/haoqiqin/VibeCoding/Super\ RClick
    

SwiftCompile normal arm64 /Users/haoqiqin/VibeCoding/Super\ RClick/App/Features/Actions/CreateActionView.swift (in target 'SuperRClick' from project 'SuperRClick')
    cd /Users/haoqiqin/VibeCoding/Super\ RClick
    

SwiftCompile normal arm64 /Users/haoqiqin/VibeCoding/Super\ RClick/App/Features/DesktopBridge/DesktopBridgeManager.swift (in target 'SuperRClick' from project 'SuperRClick')
    cd /Users/haoqiqin/VibeCoding/Super\ RClick
    

SwiftCompile normal arm64 /Users/haoqiqin/VibeCoding/Super\ RClick/App/Features/DesktopBridge/DesktopBridgeMenuBuilder.swift (in target 'SuperRClick' from project 'SuperRClick')
    cd /Users/haoqiqin/VibeCoding/Super\ RClick
    

SwiftCompile normal arm64 Compiling\ SuperRClickApp.swift,\ SuperRClickIntents.swift,\ SuperRClickRootView.swift /Users/haoqiqin/VibeCoding/Super\ RClick/App/SuperRClickApp.swift /Users/haoqiqin/VibeCoding/Super\ RClick/Extensions/AppIntents/SuperRClickIntents.swift /Users/haoqiqin/VibeCoding/Super\ RClick/App/SuperRClickRootView.swift (in target 'SuperRClick' from project 'SuperRClick')

SwiftCompile normal arm64 /Users/haoqiqin/VibeCoding/Super\ RClick/App/SuperRClickApp.swift (in target 'SuperRClick' from project 'SuperRClick')
    cd /Users/haoqiqin/VibeCoding/Super\ RClick
    

SwiftCompile normal arm64 /Users/haoqiqin/VibeCoding/Super\ RClick/Extensions/AppIntents/SuperRClickIntents.swift (in target 'SuperRClick' from project 'SuperRClick')
    cd /Users/haoqiqin/VibeCoding/Super\ RClick
    

SwiftCompile normal arm64 /Users/haoqiqin/VibeCoding/Super\ RClick/App/SuperRClickRootView.swift (in target 'SuperRClick' from project 'SuperRClick')
    cd /Users/haoqiqin/VibeCoding/Super\ RClick
    

SwiftCompile normal arm64 Compiling\ SuperRClickServices.swift,\ TaskProgressWindow.swift,\ ToolsView.swift /Users/haoqiqin/VibeCoding/Super\ RClick/Extensions/Services/SuperRClickServices.swift /Users/haoqiqin/VibeCoding/Super\ RClick/App/Features/Progress/TaskProgressWindow.swift /Users/haoqiqin/VibeCoding/Super\ RClick/App/Features/Tools/ToolsView.swift (in target 'SuperRClick' from project 'SuperRClick')
SwiftCompile normal arm64 /Users/haoqiqin/VibeCoding/Super\ RClick/Extensions/Services/SuperRClickServices.swift (in target 'SuperRClick' from project 'SuperRClick')
    cd /Users/haoqiqin/VibeCoding/Super\ RClick
    

SwiftCompile normal arm64 /Users/haoqiqin/VibeCoding/Super\ RClick/App/Features/Progress/TaskProgressWindow.swift (in target 'SuperRClick' from project 'SuperRClick')
    cd /Users/haoqiqin/VibeCoding/Super\ RClick
    

SwiftCompile normal arm64 /Users/haoqiqin/VibeCoding/Super\ RClick/App/Features/Tools/ToolsView.swift (in target 'SuperRClick' from project 'SuperRClick')
    cd /Users/haoqiqin/VibeCoding/Super\ RClick
    

SwiftCompile normal arm64 Compiling\ RecentActivityView.swift,\ SettingsView.swift,\ SetupCenterView.swift /Users/haoqiqin/VibeCoding/Super\ RClick/App/Features/Actions/RecentActivityView.swift /Users/haoqiqin/VibeCoding/Super\ RClick/App/Features/Settings/SettingsView.swift /Users/haoqiqin/VibeCoding/Super\ RClick/App/Features/Setup/SetupCenterView.swift (in target 'SuperRClick' from project 'SuperRClick')

SwiftCompile normal arm64 /Users/haoqiqin/VibeCoding/Super\ RClick/App/Features/Actions/RecentActivityView.swift (in target 'SuperRClick' from project 'SuperRClick')
    cd /Users/haoqiqin/VibeCoding/Super\ RClick
    

SwiftCompile normal arm64 /Users/haoqiqin/VibeCoding/Super\ RClick/App/Features/Settings/SettingsView.swift (in target 'SuperRClick' from project 'SuperRClick')
    cd /Users/haoqiqin/VibeCoding/Super\ RClick
    

SwiftCompile normal arm64 /Users/haoqiqin/VibeCoding/Super\ RClick/App/Features/Setup/SetupCenterView.swift (in target 'SuperRClick' from project 'SuperRClick')
    cd /Users/haoqiqin/VibeCoding/Super\ RClick
    

SwiftCompile normal arm64 Compiling\ DesktopSelectionProvider.swift,\ ExtensionStatusBanner.swift,\ GeneralSettingsView.swift /Users/haoqiqin/VibeCoding/Super\ RClick/App/Features/DesktopBridge/DesktopSelectionProvider.swift /Users/haoqiqin/VibeCoding/Super\ RClick/App/Features/Settings/ExtensionStatusBanner.swift /Users/haoqiqin/VibeCoding/Super\ RClick/App/Features/Settings/GeneralSettingsView.swift (in target 'SuperRClick' from project 'SuperRClick')

SwiftCompile normal arm64 /Users/haoqiqin/VibeCoding/Super\ RClick/App/Features/DesktopBridge/DesktopSelectionProvider.swift (in target 'SuperRClick' from project 'SuperRClick')
    cd /Users/haoqiqin/VibeCoding/Super\ RClick
    

SwiftCompile normal arm64 /Users/haoqiqin/VibeCoding/Super\ RClick/App/Features/Settings/ExtensionStatusBanner.swift (in target 'SuperRClick' from project 'SuperRClick')
    cd /Users/haoqiqin/VibeCoding/Super\ RClick
    

SwiftCompile normal arm64 /Users/haoqiqin/VibeCoding/Super\ RClick/App/Features/Settings/GeneralSettingsView.swift (in target 'SuperRClick' from project 'SuperRClick')
    cd /Users/haoqiqin/VibeCoding/Super\ RClick
    

SwiftCompile normal arm64 Compiling\ PinnedActionsView.swift,\ PlatformActionExecutor.swift,\ ProgressReporting.swift /Users/haoqiqin/VibeCoding/Super\ RClick/App/Features/Actions/PinnedActionsView.swift /Users/haoqiqin/VibeCoding/Super\ RClick/App/Bootstrap/PlatformActionExecutor.swift /Users/haoqiqin/VibeCoding/Super\ RClick/App/Features/AI/ProgressReporting.swift (in target 'SuperRClick' from project 'SuperRClick')

SwiftCompile normal arm64 /Users/haoqiqin/VibeCoding/Super\ RClick/App/Features/Actions/PinnedActionsView.swift (in target 'SuperRClick' from project 'SuperRClick')
    cd /Users/haoqiqin/VibeCoding/Super\ RClick
    

SwiftCompile normal arm64 /Users/haoqiqin/VibeCoding/Super\ RClick/App/Bootstrap/PlatformActionExecutor.swift (in target 'SuperRClick' from project 'SuperRClick')
    cd /Users/haoqiqin/VibeCoding/Super\ RClick
    

SwiftCompile normal arm64 /Users/haoqiqin/VibeCoding/Super\ RClick/App/Features/AI/ProgressReporting.swift (in target 'SuperRClick' from project 'SuperRClick')
    cd /Users/haoqiqin/VibeCoding/Super\ RClick
    

SwiftCompile normal arm64 Compiling\ AIActionExecutor.swift,\ AIResultWindow.swift,\ AISettingsView.swift,\ ActionLibraryView.swift /Users/haoqiqin/VibeCoding/Super\ RClick/App/Features/AI/AIActionExecutor.swift /Users/haoqiqin/VibeCoding/Super\ RClick/App/Features/AI/AIResultWindow.swift /Users/haoqiqin/VibeCoding/Super\ RClick/App/Features/Settings/AISettingsView.swift /Users/haoqiqin/VibeCoding/Super\ RClick/App/Features/Actions/ActionLibraryView.swift (in target 'SuperRClick' from project 'SuperRClick')

SwiftCompile normal arm64 /Users/haoqiqin/VibeCoding/Super\ RClick/App/Features/AI/AIActionExecutor.swift (in target 'SuperRClick' from project 'SuperRClick')
    cd /Users/haoqiqin/VibeCoding/Super\ RClick
    

SwiftCompile normal arm64 /Users/haoqiqin/VibeCoding/Super\ RClick/App/Features/AI/AIResultWindow.swift (in target 'SuperRClick' from project 'SuperRClick')
    cd /Users/haoqiqin/VibeCoding/Super\ RClick
    

SwiftCompile normal arm64 /Users/haoqiqin/VibeCoding/Super\ RClick/App/Features/Settings/AISettingsView.swift (in target 'SuperRClick' from project 'SuperRClick')
    cd /Users/haoqiqin/VibeCoding/Super\ RClick
    

SwiftCompile normal arm64 /Users/haoqiqin/VibeCoding/Super\ RClick/App/Features/Actions/ActionLibraryView.swift (in target 'SuperRClick' from project 'SuperRClick')
    cd /Users/haoqiqin/VibeCoding/Super\ RClick
    

SwiftCompile normal arm64 Compiling\ ActionVisibilityView.swift,\ AppCoordinator.swift,\ AppModeManager.swift,\ BatchRenameDraft.swift /Users/haoqiqin/VibeCoding/Super\ RClick/App/Features/Settings/ActionVisibilityView.swift /Users/haoqiqin/VibeCoding/Super\ RClick/App/Bootstrap/AppCoordinator.swift /Users/haoqiqin/VibeCoding/Super\ RClick/App/Features/Settings/AppModeManager.swift /Users/haoqiqin/VibeCoding/Super\ RClick/App/Features/BatchRename/BatchRenameDraft.swift (in target 'SuperRClick' from project 'SuperRClick')

** BUILD FAILED **


The following build commands failed:
	SwiftCompile normal arm64 /Users/haoqiqin/VibeCoding/Super\ RClick/Extensions/FinderSync/SuperRClickFinderSync.swift (in target 'SuperRClickFinderSync' from project 'SuperRClick')
	SwiftCompile normal arm64 Compiling\ SuperRClickFinderSync.swift /Users/haoqiqin/VibeCoding/Super\ RClick/Extensions/FinderSync/SuperRClickFinderSync.swift (in target 'SuperRClickFinderSync' from project 'SuperRClick')
	Building project SuperRClick with scheme SuperRClick
(3 failures)
